

================================================================
== Vivado HLS Report for 'matfma_top_accel'
================================================================
* Date:           Thu Dec 30 17:46:50 2021

* Version:        2018.2 (Build 2258646 on Thu Jun 14 20:25:20 MDT 2018)
* Project:        hls_project_matfma_8_8
* Solution:       solution
* Product family: zynq
* Target device:  xc7z020clg484-1


================================================================
== Performance Estimates
================================================================
+ Timing (ns): 
    * Summary: 
    +--------+-------+----------+------------+
    |  Clock | Target| Estimated| Uncertainty|
    +--------+-------+----------+------------+
    |ap_clk  |  10.00|     8.135|        1.25|
    +--------+-------+----------+------------+

+ Latency (clock cycles): 
    * Summary: 
    +-----+-----+-----+-----+---------+
    |  Latency  |  Interval | Pipeline|
    | min | max | min | max |   Type  |
    +-----+-----+-----+-----+---------+
    |   14|   14|   14|   14|   none  |
    +-----+-----+-----+-----+---------+

    + Detail: 
        * Instance: 
        +--------------------+--------+-----+-----+-----+-----+---------+
        |                    |        |  Latency  |  Interval | Pipeline|
        |      Instance      | Module | min | max | min | max |   Type  |
        +--------------------+--------+-----+-----+-----+-----+---------+
        |grp_matfma_fu_1674  |matfma  |   13|   13|   13|   13|   none  |
        +--------------------+--------+-----+-----+-----+-----+---------+

        * Loop: 
        N/A



================================================================
== Utilization Estimates
================================================================
* Summary: 
+-----------------+---------+-------+--------+-------+
|       Name      | BRAM_18K| DSP48E|   FF   |  LUT  |
+-----------------+---------+-------+--------+-------+
|DSP              |        -|      -|       -|      -|
|Expression       |        -|      -|       -|      -|
|FIFO             |        -|      -|       -|      -|
|Instance         |        0|      0|    2895|   6068|
|Memory           |        -|      -|       -|      -|
|Multiplexer      |        -|      -|       -|     15|
|Register         |        -|      -|       3|      -|
+-----------------+---------+-------+--------+-------+
|Total            |        0|      0|    2898|   6083|
+-----------------+---------+-------+--------+-------+
|Available        |      280|    220|  106400|  53200|
+-----------------+---------+-------+--------+-------+
|Utilization (%)  |        0|      0|       2|     11|
+-----------------+---------+-------+--------+-------+

+ Detail: 
    * Instance: 
    +--------------------+--------+---------+-------+------+------+
    |      Instance      | Module | BRAM_18K| DSP48E|  FF  |  LUT |
    +--------------------+--------+---------+-------+------+------+
    |grp_matfma_fu_1674  |matfma  |        0|      0|  2895|  6068|
    +--------------------+--------+---------+-------+------+------+
    |Total               |        |        0|      0|  2895|  6068|
    +--------------------+--------+---------+-------+------+------+

    * DSP48: 
    N/A

    * Memory: 
    N/A

    * FIFO: 
    N/A

    * Expression: 
    N/A

    * Multiplexer: 
    +-----------+----+-----------+-----+-----------+
    |    Name   | LUT| Input Size| Bits| Total Bits|
    +-----------+----+-----------+-----+-----------+
    |ap_NS_fsm  |  15|          3|    1|          3|
    +-----------+----+-----------+-----+-----------+
    |Total      |  15|          3|    1|          3|
    +-----------+----+-----------+-----+-----------+

    * Register: 
    +---------------------------------+---+----+-----+-----------+
    |               Name              | FF| LUT| Bits| Const Bits|
    +---------------------------------+---+----+-----+-----------+
    |ap_CS_fsm                        |  2|   0|    2|          0|
    |grp_matfma_fu_1674_ap_start_reg  |  1|   0|    1|          0|
    +---------------------------------+---+----+-----+-----------+
    |Total                            |  3|   0|    3|          0|
    +---------------------------------+---+----+-----+-----------+



================================================================
== Interface
================================================================
* Summary: 
+------------------+-----+-----+------------+------------------+--------------+
|     RTL Ports    | Dir | Bits|  Protocol  |   Source Object  |    C Type    |
+------------------+-----+-----+------------+------------------+--------------+
|ap_clk            |  in |    1| ap_ctrl_hs | matfma_top_accel | return value |
|ap_rst            |  in |    1| ap_ctrl_hs | matfma_top_accel | return value |
|ap_start          |  in |    1| ap_ctrl_hs | matfma_top_accel | return value |
|ap_done           | out |    1| ap_ctrl_hs | matfma_top_accel | return value |
|ap_idle           | out |    1| ap_ctrl_hs | matfma_top_accel | return value |
|ap_ready          | out |    1| ap_ctrl_hs | matfma_top_accel | return value |
|a_0_0_V           |  in |    9|   ap_none  |      a_0_0_V     |    pointer   |
|a_0_1_V           |  in |    9|   ap_none  |      a_0_1_V     |    pointer   |
|a_0_2_V           |  in |    9|   ap_none  |      a_0_2_V     |    pointer   |
|a_0_3_V           |  in |    9|   ap_none  |      a_0_3_V     |    pointer   |
|a_0_4_V           |  in |    9|   ap_none  |      a_0_4_V     |    pointer   |
|a_0_5_V           |  in |    9|   ap_none  |      a_0_5_V     |    pointer   |
|a_0_6_V           |  in |    9|   ap_none  |      a_0_6_V     |    pointer   |
|a_0_7_V           |  in |    9|   ap_none  |      a_0_7_V     |    pointer   |
|a_1_0_V           |  in |    9|   ap_none  |      a_1_0_V     |    pointer   |
|a_1_1_V           |  in |    9|   ap_none  |      a_1_1_V     |    pointer   |
|a_1_2_V           |  in |    9|   ap_none  |      a_1_2_V     |    pointer   |
|a_1_3_V           |  in |    9|   ap_none  |      a_1_3_V     |    pointer   |
|a_1_4_V           |  in |    9|   ap_none  |      a_1_4_V     |    pointer   |
|a_1_5_V           |  in |    9|   ap_none  |      a_1_5_V     |    pointer   |
|a_1_6_V           |  in |    9|   ap_none  |      a_1_6_V     |    pointer   |
|a_1_7_V           |  in |    9|   ap_none  |      a_1_7_V     |    pointer   |
|a_2_0_V           |  in |    9|   ap_none  |      a_2_0_V     |    pointer   |
|a_2_1_V           |  in |    9|   ap_none  |      a_2_1_V     |    pointer   |
|a_2_2_V           |  in |    9|   ap_none  |      a_2_2_V     |    pointer   |
|a_2_3_V           |  in |    9|   ap_none  |      a_2_3_V     |    pointer   |
|a_2_4_V           |  in |    9|   ap_none  |      a_2_4_V     |    pointer   |
|a_2_5_V           |  in |    9|   ap_none  |      a_2_5_V     |    pointer   |
|a_2_6_V           |  in |    9|   ap_none  |      a_2_6_V     |    pointer   |
|a_2_7_V           |  in |    9|   ap_none  |      a_2_7_V     |    pointer   |
|a_3_0_V           |  in |    9|   ap_none  |      a_3_0_V     |    pointer   |
|a_3_1_V           |  in |    9|   ap_none  |      a_3_1_V     |    pointer   |
|a_3_2_V           |  in |    9|   ap_none  |      a_3_2_V     |    pointer   |
|a_3_3_V           |  in |    9|   ap_none  |      a_3_3_V     |    pointer   |
|a_3_4_V           |  in |    9|   ap_none  |      a_3_4_V     |    pointer   |
|a_3_5_V           |  in |    9|   ap_none  |      a_3_5_V     |    pointer   |
|a_3_6_V           |  in |    9|   ap_none  |      a_3_6_V     |    pointer   |
|a_3_7_V           |  in |    9|   ap_none  |      a_3_7_V     |    pointer   |
|a_4_0_V           |  in |    9|   ap_none  |      a_4_0_V     |    pointer   |
|a_4_1_V           |  in |    9|   ap_none  |      a_4_1_V     |    pointer   |
|a_4_2_V           |  in |    9|   ap_none  |      a_4_2_V     |    pointer   |
|a_4_3_V           |  in |    9|   ap_none  |      a_4_3_V     |    pointer   |
|a_4_4_V           |  in |    9|   ap_none  |      a_4_4_V     |    pointer   |
|a_4_5_V           |  in |    9|   ap_none  |      a_4_5_V     |    pointer   |
|a_4_6_V           |  in |    9|   ap_none  |      a_4_6_V     |    pointer   |
|a_4_7_V           |  in |    9|   ap_none  |      a_4_7_V     |    pointer   |
|a_5_0_V           |  in |    9|   ap_none  |      a_5_0_V     |    pointer   |
|a_5_1_V           |  in |    9|   ap_none  |      a_5_1_V     |    pointer   |
|a_5_2_V           |  in |    9|   ap_none  |      a_5_2_V     |    pointer   |
|a_5_3_V           |  in |    9|   ap_none  |      a_5_3_V     |    pointer   |
|a_5_4_V           |  in |    9|   ap_none  |      a_5_4_V     |    pointer   |
|a_5_5_V           |  in |    9|   ap_none  |      a_5_5_V     |    pointer   |
|a_5_6_V           |  in |    9|   ap_none  |      a_5_6_V     |    pointer   |
|a_5_7_V           |  in |    9|   ap_none  |      a_5_7_V     |    pointer   |
|a_6_0_V           |  in |    9|   ap_none  |      a_6_0_V     |    pointer   |
|a_6_1_V           |  in |    9|   ap_none  |      a_6_1_V     |    pointer   |
|a_6_2_V           |  in |    9|   ap_none  |      a_6_2_V     |    pointer   |
|a_6_3_V           |  in |    9|   ap_none  |      a_6_3_V     |    pointer   |
|a_6_4_V           |  in |    9|   ap_none  |      a_6_4_V     |    pointer   |
|a_6_5_V           |  in |    9|   ap_none  |      a_6_5_V     |    pointer   |
|a_6_6_V           |  in |    9|   ap_none  |      a_6_6_V     |    pointer   |
|a_6_7_V           |  in |    9|   ap_none  |      a_6_7_V     |    pointer   |
|a_7_0_V           |  in |    9|   ap_none  |      a_7_0_V     |    pointer   |
|a_7_1_V           |  in |    9|   ap_none  |      a_7_1_V     |    pointer   |
|a_7_2_V           |  in |    9|   ap_none  |      a_7_2_V     |    pointer   |
|a_7_3_V           |  in |    9|   ap_none  |      a_7_3_V     |    pointer   |
|a_7_4_V           |  in |    9|   ap_none  |      a_7_4_V     |    pointer   |
|a_7_5_V           |  in |    9|   ap_none  |      a_7_5_V     |    pointer   |
|a_7_6_V           |  in |    9|   ap_none  |      a_7_6_V     |    pointer   |
|a_7_7_V           |  in |    9|   ap_none  |      a_7_7_V     |    pointer   |
|b_0_0_V           |  in |    9|   ap_none  |      b_0_0_V     |    pointer   |
|b_0_1_V           |  in |    9|   ap_none  |      b_0_1_V     |    pointer   |
|b_0_2_V           |  in |    9|   ap_none  |      b_0_2_V     |    pointer   |
|b_0_3_V           |  in |    9|   ap_none  |      b_0_3_V     |    pointer   |
|b_0_4_V           |  in |    9|   ap_none  |      b_0_4_V     |    pointer   |
|b_0_5_V           |  in |    9|   ap_none  |      b_0_5_V     |    pointer   |
|b_0_6_V           |  in |    9|   ap_none  |      b_0_6_V     |    pointer   |
|b_0_7_V           |  in |    9|   ap_none  |      b_0_7_V     |    pointer   |
|b_1_0_V           |  in |    9|   ap_none  |      b_1_0_V     |    pointer   |
|b_1_1_V           |  in |    9|   ap_none  |      b_1_1_V     |    pointer   |
|b_1_2_V           |  in |    9|   ap_none  |      b_1_2_V     |    pointer   |
|b_1_3_V           |  in |    9|   ap_none  |      b_1_3_V     |    pointer   |
|b_1_4_V           |  in |    9|   ap_none  |      b_1_4_V     |    pointer   |
|b_1_5_V           |  in |    9|   ap_none  |      b_1_5_V     |    pointer   |
|b_1_6_V           |  in |    9|   ap_none  |      b_1_6_V     |    pointer   |
|b_1_7_V           |  in |    9|   ap_none  |      b_1_7_V     |    pointer   |
|b_2_0_V           |  in |    9|   ap_none  |      b_2_0_V     |    pointer   |
|b_2_1_V           |  in |    9|   ap_none  |      b_2_1_V     |    pointer   |
|b_2_2_V           |  in |    9|   ap_none  |      b_2_2_V     |    pointer   |
|b_2_3_V           |  in |    9|   ap_none  |      b_2_3_V     |    pointer   |
|b_2_4_V           |  in |    9|   ap_none  |      b_2_4_V     |    pointer   |
|b_2_5_V           |  in |    9|   ap_none  |      b_2_5_V     |    pointer   |
|b_2_6_V           |  in |    9|   ap_none  |      b_2_6_V     |    pointer   |
|b_2_7_V           |  in |    9|   ap_none  |      b_2_7_V     |    pointer   |
|b_3_0_V           |  in |    9|   ap_none  |      b_3_0_V     |    pointer   |
|b_3_1_V           |  in |    9|   ap_none  |      b_3_1_V     |    pointer   |
|b_3_2_V           |  in |    9|   ap_none  |      b_3_2_V     |    pointer   |
|b_3_3_V           |  in |    9|   ap_none  |      b_3_3_V     |    pointer   |
|b_3_4_V           |  in |    9|   ap_none  |      b_3_4_V     |    pointer   |
|b_3_5_V           |  in |    9|   ap_none  |      b_3_5_V     |    pointer   |
|b_3_6_V           |  in |    9|   ap_none  |      b_3_6_V     |    pointer   |
|b_3_7_V           |  in |    9|   ap_none  |      b_3_7_V     |    pointer   |
|b_4_0_V           |  in |    9|   ap_none  |      b_4_0_V     |    pointer   |
|b_4_1_V           |  in |    9|   ap_none  |      b_4_1_V     |    pointer   |
|b_4_2_V           |  in |    9|   ap_none  |      b_4_2_V     |    pointer   |
|b_4_3_V           |  in |    9|   ap_none  |      b_4_3_V     |    pointer   |
|b_4_4_V           |  in |    9|   ap_none  |      b_4_4_V     |    pointer   |
|b_4_5_V           |  in |    9|   ap_none  |      b_4_5_V     |    pointer   |
|b_4_6_V           |  in |    9|   ap_none  |      b_4_6_V     |    pointer   |
|b_4_7_V           |  in |    9|   ap_none  |      b_4_7_V     |    pointer   |
|b_5_0_V           |  in |    9|   ap_none  |      b_5_0_V     |    pointer   |
|b_5_1_V           |  in |    9|   ap_none  |      b_5_1_V     |    pointer   |
|b_5_2_V           |  in |    9|   ap_none  |      b_5_2_V     |    pointer   |
|b_5_3_V           |  in |    9|   ap_none  |      b_5_3_V     |    pointer   |
|b_5_4_V           |  in |    9|   ap_none  |      b_5_4_V     |    pointer   |
|b_5_5_V           |  in |    9|   ap_none  |      b_5_5_V     |    pointer   |
|b_5_6_V           |  in |    9|   ap_none  |      b_5_6_V     |    pointer   |
|b_5_7_V           |  in |    9|   ap_none  |      b_5_7_V     |    pointer   |
|b_6_0_V           |  in |    9|   ap_none  |      b_6_0_V     |    pointer   |
|b_6_1_V           |  in |    9|   ap_none  |      b_6_1_V     |    pointer   |
|b_6_2_V           |  in |    9|   ap_none  |      b_6_2_V     |    pointer   |
|b_6_3_V           |  in |    9|   ap_none  |      b_6_3_V     |    pointer   |
|b_6_4_V           |  in |    9|   ap_none  |      b_6_4_V     |    pointer   |
|b_6_5_V           |  in |    9|   ap_none  |      b_6_5_V     |    pointer   |
|b_6_6_V           |  in |    9|   ap_none  |      b_6_6_V     |    pointer   |
|b_6_7_V           |  in |    9|   ap_none  |      b_6_7_V     |    pointer   |
|b_7_0_V           |  in |    9|   ap_none  |      b_7_0_V     |    pointer   |
|b_7_1_V           |  in |    9|   ap_none  |      b_7_1_V     |    pointer   |
|b_7_2_V           |  in |    9|   ap_none  |      b_7_2_V     |    pointer   |
|b_7_3_V           |  in |    9|   ap_none  |      b_7_3_V     |    pointer   |
|b_7_4_V           |  in |    9|   ap_none  |      b_7_4_V     |    pointer   |
|b_7_5_V           |  in |    9|   ap_none  |      b_7_5_V     |    pointer   |
|b_7_6_V           |  in |    9|   ap_none  |      b_7_6_V     |    pointer   |
|b_7_7_V           |  in |    9|   ap_none  |      b_7_7_V     |    pointer   |
|c_0_0_V           |  in |    9|   ap_none  |      c_0_0_V     |    pointer   |
|c_0_1_V           |  in |    9|   ap_none  |      c_0_1_V     |    pointer   |
|c_0_2_V           |  in |    9|   ap_none  |      c_0_2_V     |    pointer   |
|c_0_3_V           |  in |    9|   ap_none  |      c_0_3_V     |    pointer   |
|c_0_4_V           |  in |    9|   ap_none  |      c_0_4_V     |    pointer   |
|c_0_5_V           |  in |    9|   ap_none  |      c_0_5_V     |    pointer   |
|c_0_6_V           |  in |    9|   ap_none  |      c_0_6_V     |    pointer   |
|c_0_7_V           |  in |    9|   ap_none  |      c_0_7_V     |    pointer   |
|c_1_0_V           |  in |    9|   ap_none  |      c_1_0_V     |    pointer   |
|c_1_1_V           |  in |    9|   ap_none  |      c_1_1_V     |    pointer   |
|c_1_2_V           |  in |    9|   ap_none  |      c_1_2_V     |    pointer   |
|c_1_3_V           |  in |    9|   ap_none  |      c_1_3_V     |    pointer   |
|c_1_4_V           |  in |    9|   ap_none  |      c_1_4_V     |    pointer   |
|c_1_5_V           |  in |    9|   ap_none  |      c_1_5_V     |    pointer   |
|c_1_6_V           |  in |    9|   ap_none  |      c_1_6_V     |    pointer   |
|c_1_7_V           |  in |    9|   ap_none  |      c_1_7_V     |    pointer   |
|c_2_0_V           |  in |    9|   ap_none  |      c_2_0_V     |    pointer   |
|c_2_1_V           |  in |    9|   ap_none  |      c_2_1_V     |    pointer   |
|c_2_2_V           |  in |    9|   ap_none  |      c_2_2_V     |    pointer   |
|c_2_3_V           |  in |    9|   ap_none  |      c_2_3_V     |    pointer   |
|c_2_4_V           |  in |    9|   ap_none  |      c_2_4_V     |    pointer   |
|c_2_5_V           |  in |    9|   ap_none  |      c_2_5_V     |    pointer   |
|c_2_6_V           |  in |    9|   ap_none  |      c_2_6_V     |    pointer   |
|c_2_7_V           |  in |    9|   ap_none  |      c_2_7_V     |    pointer   |
|c_3_0_V           |  in |    9|   ap_none  |      c_3_0_V     |    pointer   |
|c_3_1_V           |  in |    9|   ap_none  |      c_3_1_V     |    pointer   |
|c_3_2_V           |  in |    9|   ap_none  |      c_3_2_V     |    pointer   |
|c_3_3_V           |  in |    9|   ap_none  |      c_3_3_V     |    pointer   |
|c_3_4_V           |  in |    9|   ap_none  |      c_3_4_V     |    pointer   |
|c_3_5_V           |  in |    9|   ap_none  |      c_3_5_V     |    pointer   |
|c_3_6_V           |  in |    9|   ap_none  |      c_3_6_V     |    pointer   |
|c_3_7_V           |  in |    9|   ap_none  |      c_3_7_V     |    pointer   |
|c_4_0_V           |  in |    9|   ap_none  |      c_4_0_V     |    pointer   |
|c_4_1_V           |  in |    9|   ap_none  |      c_4_1_V     |    pointer   |
|c_4_2_V           |  in |    9|   ap_none  |      c_4_2_V     |    pointer   |
|c_4_3_V           |  in |    9|   ap_none  |      c_4_3_V     |    pointer   |
|c_4_4_V           |  in |    9|   ap_none  |      c_4_4_V     |    pointer   |
|c_4_5_V           |  in |    9|   ap_none  |      c_4_5_V     |    pointer   |
|c_4_6_V           |  in |    9|   ap_none  |      c_4_6_V     |    pointer   |
|c_4_7_V           |  in |    9|   ap_none  |      c_4_7_V     |    pointer   |
|c_5_0_V           |  in |    9|   ap_none  |      c_5_0_V     |    pointer   |
|c_5_1_V           |  in |    9|   ap_none  |      c_5_1_V     |    pointer   |
|c_5_2_V           |  in |    9|   ap_none  |      c_5_2_V     |    pointer   |
|c_5_3_V           |  in |    9|   ap_none  |      c_5_3_V     |    pointer   |
|c_5_4_V           |  in |    9|   ap_none  |      c_5_4_V     |    pointer   |
|c_5_5_V           |  in |    9|   ap_none  |      c_5_5_V     |    pointer   |
|c_5_6_V           |  in |    9|   ap_none  |      c_5_6_V     |    pointer   |
|c_5_7_V           |  in |    9|   ap_none  |      c_5_7_V     |    pointer   |
|c_6_0_V           |  in |    9|   ap_none  |      c_6_0_V     |    pointer   |
|c_6_1_V           |  in |    9|   ap_none  |      c_6_1_V     |    pointer   |
|c_6_2_V           |  in |    9|   ap_none  |      c_6_2_V     |    pointer   |
|c_6_3_V           |  in |    9|   ap_none  |      c_6_3_V     |    pointer   |
|c_6_4_V           |  in |    9|   ap_none  |      c_6_4_V     |    pointer   |
|c_6_5_V           |  in |    9|   ap_none  |      c_6_5_V     |    pointer   |
|c_6_6_V           |  in |    9|   ap_none  |      c_6_6_V     |    pointer   |
|c_6_7_V           |  in |    9|   ap_none  |      c_6_7_V     |    pointer   |
|c_7_0_V           |  in |    9|   ap_none  |      c_7_0_V     |    pointer   |
|c_7_1_V           |  in |    9|   ap_none  |      c_7_1_V     |    pointer   |
|c_7_2_V           |  in |    9|   ap_none  |      c_7_2_V     |    pointer   |
|c_7_3_V           |  in |    9|   ap_none  |      c_7_3_V     |    pointer   |
|c_7_4_V           |  in |    9|   ap_none  |      c_7_4_V     |    pointer   |
|c_7_5_V           |  in |    9|   ap_none  |      c_7_5_V     |    pointer   |
|c_7_6_V           |  in |    9|   ap_none  |      c_7_6_V     |    pointer   |
|c_7_7_V           |  in |    9|   ap_none  |      c_7_7_V     |    pointer   |
|res_0_0_V         | out |    9|   ap_vld   |     res_0_0_V    |    pointer   |
|res_0_0_V_ap_vld  | out |    1|   ap_vld   |     res_0_0_V    |    pointer   |
|res_0_1_V         | out |    9|   ap_vld   |     res_0_1_V    |    pointer   |
|res_0_1_V_ap_vld  | out |    1|   ap_vld   |     res_0_1_V    |    pointer   |
|res_0_2_V         | out |    9|   ap_vld   |     res_0_2_V    |    pointer   |
|res_0_2_V_ap_vld  | out |    1|   ap_vld   |     res_0_2_V    |    pointer   |
|res_0_3_V         | out |    9|   ap_vld   |     res_0_3_V    |    pointer   |
|res_0_3_V_ap_vld  | out |    1|   ap_vld   |     res_0_3_V    |    pointer   |
|res_0_4_V         | out |    9|   ap_vld   |     res_0_4_V    |    pointer   |
|res_0_4_V_ap_vld  | out |    1|   ap_vld   |     res_0_4_V    |    pointer   |
|res_0_5_V         | out |    9|   ap_vld   |     res_0_5_V    |    pointer   |
|res_0_5_V_ap_vld  | out |    1|   ap_vld   |     res_0_5_V    |    pointer   |
|res_0_6_V         | out |    9|   ap_vld   |     res_0_6_V    |    pointer   |
|res_0_6_V_ap_vld  | out |    1|   ap_vld   |     res_0_6_V    |    pointer   |
|res_0_7_V         | out |    9|   ap_vld   |     res_0_7_V    |    pointer   |
|res_0_7_V_ap_vld  | out |    1|   ap_vld   |     res_0_7_V    |    pointer   |
|res_1_0_V         | out |    9|   ap_vld   |     res_1_0_V    |    pointer   |
|res_1_0_V_ap_vld  | out |    1|   ap_vld   |     res_1_0_V    |    pointer   |
|res_1_1_V         | out |    9|   ap_vld   |     res_1_1_V    |    pointer   |
|res_1_1_V_ap_vld  | out |    1|   ap_vld   |     res_1_1_V    |    pointer   |
|res_1_2_V         | out |    9|   ap_vld   |     res_1_2_V    |    pointer   |
|res_1_2_V_ap_vld  | out |    1|   ap_vld   |     res_1_2_V    |    pointer   |
|res_1_3_V         | out |    9|   ap_vld   |     res_1_3_V    |    pointer   |
|res_1_3_V_ap_vld  | out |    1|   ap_vld   |     res_1_3_V    |    pointer   |
|res_1_4_V         | out |    9|   ap_vld   |     res_1_4_V    |    pointer   |
|res_1_4_V_ap_vld  | out |    1|   ap_vld   |     res_1_4_V    |    pointer   |
|res_1_5_V         | out |    9|   ap_vld   |     res_1_5_V    |    pointer   |
|res_1_5_V_ap_vld  | out |    1|   ap_vld   |     res_1_5_V    |    pointer   |
|res_1_6_V         | out |    9|   ap_vld   |     res_1_6_V    |    pointer   |
|res_1_6_V_ap_vld  | out |    1|   ap_vld   |     res_1_6_V    |    pointer   |
|res_1_7_V         | out |    9|   ap_vld   |     res_1_7_V    |    pointer   |
|res_1_7_V_ap_vld  | out |    1|   ap_vld   |     res_1_7_V    |    pointer   |
|res_2_0_V         | out |    9|   ap_vld   |     res_2_0_V    |    pointer   |
|res_2_0_V_ap_vld  | out |    1|   ap_vld   |     res_2_0_V    |    pointer   |
|res_2_1_V         | out |    9|   ap_vld   |     res_2_1_V    |    pointer   |
|res_2_1_V_ap_vld  | out |    1|   ap_vld   |     res_2_1_V    |    pointer   |
|res_2_2_V         | out |    9|   ap_vld   |     res_2_2_V    |    pointer   |
|res_2_2_V_ap_vld  | out |    1|   ap_vld   |     res_2_2_V    |    pointer   |
|res_2_3_V         | out |    9|   ap_vld   |     res_2_3_V    |    pointer   |
|res_2_3_V_ap_vld  | out |    1|   ap_vld   |     res_2_3_V    |    pointer   |
|res_2_4_V         | out |    9|   ap_vld   |     res_2_4_V    |    pointer   |
|res_2_4_V_ap_vld  | out |    1|   ap_vld   |     res_2_4_V    |    pointer   |
|res_2_5_V         | out |    9|   ap_vld   |     res_2_5_V    |    pointer   |
|res_2_5_V_ap_vld  | out |    1|   ap_vld   |     res_2_5_V    |    pointer   |
|res_2_6_V         | out |    9|   ap_vld   |     res_2_6_V    |    pointer   |
|res_2_6_V_ap_vld  | out |    1|   ap_vld   |     res_2_6_V    |    pointer   |
|res_2_7_V         | out |    9|   ap_vld   |     res_2_7_V    |    pointer   |
|res_2_7_V_ap_vld  | out |    1|   ap_vld   |     res_2_7_V    |    pointer   |
|res_3_0_V         | out |    9|   ap_vld   |     res_3_0_V    |    pointer   |
|res_3_0_V_ap_vld  | out |    1|   ap_vld   |     res_3_0_V    |    pointer   |
|res_3_1_V         | out |    9|   ap_vld   |     res_3_1_V    |    pointer   |
|res_3_1_V_ap_vld  | out |    1|   ap_vld   |     res_3_1_V    |    pointer   |
|res_3_2_V         | out |    9|   ap_vld   |     res_3_2_V    |    pointer   |
|res_3_2_V_ap_vld  | out |    1|   ap_vld   |     res_3_2_V    |    pointer   |
|res_3_3_V         | out |    9|   ap_vld   |     res_3_3_V    |    pointer   |
|res_3_3_V_ap_vld  | out |    1|   ap_vld   |     res_3_3_V    |    pointer   |
|res_3_4_V         | out |    9|   ap_vld   |     res_3_4_V    |    pointer   |
|res_3_4_V_ap_vld  | out |    1|   ap_vld   |     res_3_4_V    |    pointer   |
|res_3_5_V         | out |    9|   ap_vld   |     res_3_5_V    |    pointer   |
|res_3_5_V_ap_vld  | out |    1|   ap_vld   |     res_3_5_V    |    pointer   |
|res_3_6_V         | out |    9|   ap_vld   |     res_3_6_V    |    pointer   |
|res_3_6_V_ap_vld  | out |    1|   ap_vld   |     res_3_6_V    |    pointer   |
|res_3_7_V         | out |    9|   ap_vld   |     res_3_7_V    |    pointer   |
|res_3_7_V_ap_vld  | out |    1|   ap_vld   |     res_3_7_V    |    pointer   |
|res_4_0_V         | out |    9|   ap_vld   |     res_4_0_V    |    pointer   |
|res_4_0_V_ap_vld  | out |    1|   ap_vld   |     res_4_0_V    |    pointer   |
|res_4_1_V         | out |    9|   ap_vld   |     res_4_1_V    |    pointer   |
|res_4_1_V_ap_vld  | out |    1|   ap_vld   |     res_4_1_V    |    pointer   |
|res_4_2_V         | out |    9|   ap_vld   |     res_4_2_V    |    pointer   |
|res_4_2_V_ap_vld  | out |    1|   ap_vld   |     res_4_2_V    |    pointer   |
|res_4_3_V         | out |    9|   ap_vld   |     res_4_3_V    |    pointer   |
|res_4_3_V_ap_vld  | out |    1|   ap_vld   |     res_4_3_V    |    pointer   |
|res_4_4_V         | out |    9|   ap_vld   |     res_4_4_V    |    pointer   |
|res_4_4_V_ap_vld  | out |    1|   ap_vld   |     res_4_4_V    |    pointer   |
|res_4_5_V         | out |    9|   ap_vld   |     res_4_5_V    |    pointer   |
|res_4_5_V_ap_vld  | out |    1|   ap_vld   |     res_4_5_V    |    pointer   |
|res_4_6_V         | out |    9|   ap_vld   |     res_4_6_V    |    pointer   |
|res_4_6_V_ap_vld  | out |    1|   ap_vld   |     res_4_6_V    |    pointer   |
|res_4_7_V         | out |    9|   ap_vld   |     res_4_7_V    |    pointer   |
|res_4_7_V_ap_vld  | out |    1|   ap_vld   |     res_4_7_V    |    pointer   |
|res_5_0_V         | out |    9|   ap_vld   |     res_5_0_V    |    pointer   |
|res_5_0_V_ap_vld  | out |    1|   ap_vld   |     res_5_0_V    |    pointer   |
|res_5_1_V         | out |    9|   ap_vld   |     res_5_1_V    |    pointer   |
|res_5_1_V_ap_vld  | out |    1|   ap_vld   |     res_5_1_V    |    pointer   |
|res_5_2_V         | out |    9|   ap_vld   |     res_5_2_V    |    pointer   |
|res_5_2_V_ap_vld  | out |    1|   ap_vld   |     res_5_2_V    |    pointer   |
|res_5_3_V         | out |    9|   ap_vld   |     res_5_3_V    |    pointer   |
|res_5_3_V_ap_vld  | out |    1|   ap_vld   |     res_5_3_V    |    pointer   |
|res_5_4_V         | out |    9|   ap_vld   |     res_5_4_V    |    pointer   |
|res_5_4_V_ap_vld  | out |    1|   ap_vld   |     res_5_4_V    |    pointer   |
|res_5_5_V         | out |    9|   ap_vld   |     res_5_5_V    |    pointer   |
|res_5_5_V_ap_vld  | out |    1|   ap_vld   |     res_5_5_V    |    pointer   |
|res_5_6_V         | out |    9|   ap_vld   |     res_5_6_V    |    pointer   |
|res_5_6_V_ap_vld  | out |    1|   ap_vld   |     res_5_6_V    |    pointer   |
|res_5_7_V         | out |    9|   ap_vld   |     res_5_7_V    |    pointer   |
|res_5_7_V_ap_vld  | out |    1|   ap_vld   |     res_5_7_V    |    pointer   |
|res_6_0_V         | out |    9|   ap_vld   |     res_6_0_V    |    pointer   |
|res_6_0_V_ap_vld  | out |    1|   ap_vld   |     res_6_0_V    |    pointer   |
|res_6_1_V         | out |    9|   ap_vld   |     res_6_1_V    |    pointer   |
|res_6_1_V_ap_vld  | out |    1|   ap_vld   |     res_6_1_V    |    pointer   |
|res_6_2_V         | out |    9|   ap_vld   |     res_6_2_V    |    pointer   |
|res_6_2_V_ap_vld  | out |    1|   ap_vld   |     res_6_2_V    |    pointer   |
|res_6_3_V         | out |    9|   ap_vld   |     res_6_3_V    |    pointer   |
|res_6_3_V_ap_vld  | out |    1|   ap_vld   |     res_6_3_V    |    pointer   |
|res_6_4_V         | out |    9|   ap_vld   |     res_6_4_V    |    pointer   |
|res_6_4_V_ap_vld  | out |    1|   ap_vld   |     res_6_4_V    |    pointer   |
|res_6_5_V         | out |    9|   ap_vld   |     res_6_5_V    |    pointer   |
|res_6_5_V_ap_vld  | out |    1|   ap_vld   |     res_6_5_V    |    pointer   |
|res_6_6_V         | out |    9|   ap_vld   |     res_6_6_V    |    pointer   |
|res_6_6_V_ap_vld  | out |    1|   ap_vld   |     res_6_6_V    |    pointer   |
|res_6_7_V         | out |    9|   ap_vld   |     res_6_7_V    |    pointer   |
|res_6_7_V_ap_vld  | out |    1|   ap_vld   |     res_6_7_V    |    pointer   |
|res_7_0_V         | out |    9|   ap_vld   |     res_7_0_V    |    pointer   |
|res_7_0_V_ap_vld  | out |    1|   ap_vld   |     res_7_0_V    |    pointer   |
|res_7_1_V         | out |    9|   ap_vld   |     res_7_1_V    |    pointer   |
|res_7_1_V_ap_vld  | out |    1|   ap_vld   |     res_7_1_V    |    pointer   |
|res_7_2_V         | out |    9|   ap_vld   |     res_7_2_V    |    pointer   |
|res_7_2_V_ap_vld  | out |    1|   ap_vld   |     res_7_2_V    |    pointer   |
|res_7_3_V         | out |    9|   ap_vld   |     res_7_3_V    |    pointer   |
|res_7_3_V_ap_vld  | out |    1|   ap_vld   |     res_7_3_V    |    pointer   |
|res_7_4_V         | out |    9|   ap_vld   |     res_7_4_V    |    pointer   |
|res_7_4_V_ap_vld  | out |    1|   ap_vld   |     res_7_4_V    |    pointer   |
|res_7_5_V         | out |    9|   ap_vld   |     res_7_5_V    |    pointer   |
|res_7_5_V_ap_vld  | out |    1|   ap_vld   |     res_7_5_V    |    pointer   |
|res_7_6_V         | out |    9|   ap_vld   |     res_7_6_V    |    pointer   |
|res_7_6_V_ap_vld  | out |    1|   ap_vld   |     res_7_6_V    |    pointer   |
|res_7_7_V         | out |    9|   ap_vld   |     res_7_7_V    |    pointer   |
|res_7_7_V_ap_vld  | out |    1|   ap_vld   |     res_7_7_V    |    pointer   |
+------------------+-----+-----+------------+------------------+--------------+

